// Jest Snapshot v1, https://goo.gl/fbAQLP

exports[`renders correctly 1`] = `
<NavigationContainer
  screenProps={
    Object {
      "components": Array [
        Object {
          "demos": Array [
            Object {
              "render": [Function],
              "title": "Normal mode",
            },
            Object {
              "render": [Function],
              "title": "Full screen mode",
            },
          ],
          "description": "The canvas on which the demo content will be rendered.",
          "displayName": "DemoRenderer",
        },
        Object {
          "demos": Array [
            Object {
              "render": [Function],
              "title": "Arrow Back",
            },
            Object {
              "render": [Function],
              "title": "Close",
            },
            Object {
              "render": [Function],
              "title": "Fullscreen",
            },
          ],
          "description": "Renders an icon",
          "displayName": "Icon",
        },
        Object {
          "demos": Array [
            Object {
              "render": [Function],
              "title": "Text content",
            },
            Object {
              "render": [Function],
              "title": "No onPress disables feedback",
            },
            Object {
              "render": [Function],
              "title": "Custom style",
            },
            Object {
              "render": [Function],
              "title": "Custom style, disabled",
            },
          ],
          "description": "Renders a TouchableNativeFeedback on Android, otherwise a TouchableOpacity.",
          "displayName": "Touchable",
        },
        Object {
          "demos": Array [
            Object {
              "render": [Function],
              "title": "Title only",
            },
            Object {
              "render": [Function],
              "title": "Title and short description",
            },
            Object {
              "render": [Function],
              "title": "Title and long description",
            },
          ],
          "description": "Renders a row for the components list.",
          "displayName": "ComponentRow",
        },
        Object {
          "demos": Array [
            Object {
              "render": [Function],
              "title": "No title",
            },
            Object {
              "render": [Function],
              "title": "Short title",
            },
            Object {
              "render": [Function],
              "title": "Long title",
            },
          ],
          "description": "Renders the header bar of a demo tile.",
          "displayName": "DemoHeader",
        },
        Object {
          "demos": Array [
            Object {
              "render": [Function],
              "title": "Default",
            },
            Object {
              "render": [Function],
              "title": "Custom style",
            },
            Object {
              "render": [Function],
              "title": "Custom style and tintColor",
            },
          ],
          "description": "Renders a rounded button appropriate for primary screen actions.",
          "displayName": "FloatingButton",
        },
        Object {
          "demos": Array [
            Object {
              "render": [Function],
              "title": "Normal mode",
            },
            Object {
              "render": [Function],
              "title": "Full screen mode",
            },
            Object {
              "render": [Function],
              "renderHeader": [Function],
              "title": "Full screen mode without header",
            },
          ],
          "description": "Renders a demo.",
          "displayName": "DemoTile",
        },
        Object {
          "demos": Array [
            Object {
              "render": [Function],
              "title": "No components",
            },
            Object {
              "render": [Function],
              "title": "One component",
            },
            Object {
              "render": [Function],
              "title": "Many components",
            },
          ],
          "description": "This scene renders a list of all components.",
          "displayName": "ComponentList",
        },
        Object {
          "demos": Array [
            Object {
              "render": [Function],
              "title": "No demos",
            },
            Object {
              "render": [Function],
              "title": "One demo",
            },
            Object {
              "render": [Function],
              "title": "Many demos",
            },
          ],
          "description": "This scene renders a component in multiple variations",
          "displayName": "Demo",
        },
        Object {
          "demos": Array [
            Object {
              "render": [Function],
              "title": "Example",
            },
          ],
          "description": "This scene renders a given demo in fullscreen mode.",
          "displayName": "FullScreenDemo",
        },
      ],
    }
  }
/>
`;
